<?xml version="1.0" encoding="UTF-8"?>
<testsuites name="Mocha Tests" time="10.549" tests="1" failures="0">
  <testsuite name="Root Suite" timestamp="2025-12-18T15:55:15" tests="0" file="cypress\e2e\login.cy.js" time="0.000" failures="0">
  </testsuite>
  <testsuite name="visit DEMOQA site" timestamp="2025-12-18T15:55:15" tests="1" time="10.549" failures="0">
    <testcase name="visit DEMOQA site primeiro teste" time="8.622" classname="primeiro teste">
    </testcase>
  </testsuite>
</testsuites>